// Jest Snapshot v1, https://goo.gl/fbAQLP

exports[`<navbar/> deve retornar heading 1`] = `
<h2>
  PanelMenu
</h2>
`;
